// Jest Snapshot v1, https://goo.gl/fbAQLP

exports[`CategoryScore correct render should match snapshot 1`] = `
<DocumentFragment>
  <div
    class="container Memory"
  >
    <div
      class="category"
    >
      <div
        height="24"
        width="24"
      />
      Memory
    </div>
    <div
      class="score"
    >
      50
      <span>
         / 100
      </span>
    </div>
  </div>
</DocumentFragment>
`;
